SQL> start C:\Users\cstuser\Desktop\DB_Assignment_1\Assignment_1_sqlscript.sql

PL/SQL procedure successfully completed.


Table created.


Table created.


Table created.


Table created.


Table created.


1 row created.


1 row created.


1 row created.


1 row created.


1 row created.


1 row created.


1 row created.


1 row created.


1 row created.


1 row created.


1 row created.


1 row created.


1 row created.


1 row created.


1 row created.


1 row created.


1 row created.


1 row created.


1 row created.


1 row created.


1 row created.


1 row created.


1 row created.


1 row created.


1 row created.


1 row created.


1 row created.


1 row created.


1 row created.


1 row created.


1 row created.


1 row created.


1 row created.


1 row created.


1 row created.


1 row created.


1 row created.


1 row created.


1 row created.


1 row created.


1 row created.


1 row created.


1 row created.


1 row created.


1 row created.


1 row created.


1 row created.


1 row created.


1 row created.


1 row created.


1 row created.


1 row created.


1 row created.


1 row created.


1 row created.


1 row created.


1 row created.


1 row created.


1 row created.


1 row created.


1 row created.


1 row created.


1 row created.


    V_CODE V_NAME                              V_CONTACT       V_A V_PHONE  V_ V
---------- ----------------------------------- --------------- --- -------- -- -
     21225 Bryson, Inc.                        Smithson        615 223-3234 TN Y
     21226 SuperLoo, Inc.                      Flushing        904 215-8995 FL N
     21231 DE Supply                           Singh           615 228-3245 TN Y
     21344 Gomez Bros.                         Ortega          615 889-2546 KY N
     22567 Dome Supply                         Smith           901 678-1419 GA N
     23119 Randsets Ltd.                       Anderson        901 678-3998 GA Y
     24004 Brackman Bros.                      Browning        615 228-1410 TN N
     24288 ORDVA, Inc.                         Hakford         615 898-1234 TN Y
     25443 BK, Inc.                            Smith           904 227-0093 FL N
     25501 Damal Supplies                      Smythe          615 890-3529 TN N
     25595 Rubicon Systems                     Orton           904 456-0092 FL Y

11 rows selected.


P_CODE     P_DESCRIPT                          P_INDATE       P_QOH      P_MIN  
---------- ----------------------------------- --------- ---------- ----------  
   P_PRICE P_DISCOUNT     V_CODE                                                
---------- ---------- ----------                                                
11QER/31   Power painter, 15 psi., 3-nozzle    03-NOV-11          8          5  
    109.99          0      25595                                                
                                                                                
13-Q2/P2   7.25-in. pwr. saw blade             13-DEC-11         32         15  
     14.99        .05      21344                                                
                                                                                
14-Q1/L3   9.00-in. pwr. saw blade             13-NOV-11         18         12  
     17.49          0      21344                                                
                                                                                

P_CODE     P_DESCRIPT                          P_INDATE       P_QOH      P_MIN  
---------- ----------------------------------- --------- ---------- ----------  
   P_PRICE P_DISCOUNT     V_CODE                                                
---------- ---------- ----------                                                
1546-QQ2   Hrd. cloth, 1/4-in., 2x50           15-JAN-12         15          8  
     39.95          0      23119                                                
                                                                                
1558-QW1   Hrd. cloth, 1/2-in., 3x50           15-JAN-12         23          5  
     43.99          0      23119                                                
                                                                                
2232/QTY   BD jigsaw, 12-in. blade             30-DEC-11          8          5  
    109.92        .05      24288                                                
                                                                                

P_CODE     P_DESCRIPT                          P_INDATE       P_QOH      P_MIN  
---------- ----------------------------------- --------- ---------- ----------  
   P_PRICE P_DISCOUNT     V_CODE                                                
---------- ---------- ----------                                                
2232/QWE   BD jigsaw, 8-in. blade              24-DEC-11          6          5  
     99.87        .05      24288                                                
                                                                                
2238/QPD   BD cordless drill, 1/2-in.          20-JAN-12         12          5  
     38.95        .05      25595                                                
                                                                                
23109-HB   Claw hammer                         20-JAN-12         23         10  
      9.95         .1      21225                                                
                                                                                

P_CODE     P_DESCRIPT                          P_INDATE       P_QOH      P_MIN  
---------- ----------------------------------- --------- ---------- ----------  
   P_PRICE P_DISCOUNT     V_CODE                                                
---------- ---------- ----------                                                
23114-AA   Sledge hammer, 12 lb.               02-JAN-12          8          5  
      14.4        .05                                                           
                                                                                
54778-2T   Rat-tail file, 1/8-in. fine         15-DEC-11         43         20  
      4.99          0      21344                                                
                                                                                
89-WRE-Q   Hicut chain saw, 16 in.             07-FEB-12         11          5  
    256.99        .05      24288                                                
                                                                                

P_CODE     P_DESCRIPT                          P_INDATE       P_QOH      P_MIN  
---------- ----------------------------------- --------- ---------- ----------  
   P_PRICE P_DISCOUNT     V_CODE                                                
---------- ---------- ----------                                                
PVC23DRT   PVC pipe, 3.5-in., 8-ft             20-FEB-12        188         75  
      5.87          0                                                           
                                                                                
SM-18277   1.25-in. metal screw, 25            01-MAR-12        172         75  
      6.99          0      21225                                                
                                                                                
SW-23116   2.5-in. wd. screw, 50               24-FEB-12        237        100  
      8.45          0      21231                                                
                                                                                

P_CODE     P_DESCRIPT                          P_INDATE       P_QOH      P_MIN  
---------- ----------------------------------- --------- ---------- ----------  
   P_PRICE P_DISCOUNT     V_CODE                                                
---------- ---------- ----------                                                
WR3/TT3    Steel matting, 4'x8'x1/6", .5" mesh 17-JAN-12         18          5  
    119.95         .1      25595                                                
                                                                                

16 rows selected.


  CUS_CODE CUS_LNAME       CUS_FNAME       C CUS CUS_PHON CUS_BALANCE           
---------- --------------- --------------- - --- -------- -----------           
     10010 Ramas           Alfred          A 615 844-2573           0           
     10011 Dunne           Leona           K 713 894-1238           0           
     10012 Smith           Kathy           W 615 894-2285      345.86           
     10013 Olowski         Paul            F 615 894-2180      536.75           
     10014 Orlando         Myron             615 222-1672           0           
     10015 O'Brian         Amy             B 713 442-3381           0           
     10016 Brown           James           G 615 297-1228      221.19           
     10017 Williams        George            615 290-2556      768.93           
     10018 Farriss         Anne            G 713 382-7185      216.55           
     10019 Smith           Olette          K 615 297-3809           0           

10 rows selected.


INV_NUMBER   CUS_CODE INV_DATE                                                  
---------- ---------- ---------                                                 
      1001      10014 16-JAN-12                                                 
      1002      10011 16-JAN-12                                                 
      1003      10012 16-JAN-12                                                 
      1004      10011 17-JAN-12                                                 
      1005      10018 17-JAN-12                                                 
      1006      10014 17-JAN-12                                                 
      1007      10015 17-JAN-12                                                 
      1008      10011 17-JAN-12                                                 

8 rows selected.


INV_NUMBER LINE_NUMBER P_CODE     LINE_UNITS LINE_PRICE                         
---------- ----------- ---------- ---------- ----------                         
      1001           1 13-Q2/P2            1      14.99                         
      1001           2 23109-HB            1       9.95                         
      1002           1 54778-2T            2       4.99                         
      1003           1 2238/QPD            1      38.95                         
      1003           2 1546-QQ2            1      39.95                         
      1003           3 13-Q2/P2            5      14.99                         
      1004           1 54778-2T            3       4.99                         
      1004           2 23109-HB            2       9.95                         
      1005           1 PVC23DRT           12       5.87                         
      1006           1 SM-18277            3       6.99                         
      1006           2 2232/QTY            1     109.92                         

INV_NUMBER LINE_NUMBER P_CODE     LINE_UNITS LINE_PRICE                         
---------- ----------- ---------- ---------- ----------                         
      1006           3 23109-HB            1       9.95                         
      1006           4 89-WRE-Q            1     256.99                         
      1007           1 13-Q2/P2            2      14.99                         
      1007           2 54778-2T            1       4.99                         
      1008           1 PVC23DRT            5       5.87                         
      1008           2 WR3/TT3             3     119.95                         
      1008           3 23109-HB            1       9.95                         

18 rows selected.

SQL> select name
  2  from vendor
  3  ;
select name
       *
ERROR at line 1:
ORA-00904: "NAME": invalid identifier 


SQL> select * from vendor
  2  where lname = 'Smith';
where lname = 'Smith'
      *
ERROR at line 2:
ORA-00904: "LNAME": invalid identifier 


SQL> select * vendor;
select * vendor
         *
ERROR at line 1:
ORA-00923: FROM keyword not found where expected 


SQL> set linsize 200
SP2-0158: unknown SET option "linsize"
SQL> set sizeline 200
SP2-0158: unknown SET option "sizeline"
SQL> set linesize 200
SQL> select * from vendor;

    V_CODE V_NAME                              V_CONTACT       V_A V_PHONE  V_ V                                                                                                                        
---------- ----------------------------------- --------------- --- -------- -- -                                                                                                                        
     21225 Bryson, Inc.                        Smithson        615 223-3234 TN Y                                                                                                                        
     21226 SuperLoo, Inc.                      Flushing        904 215-8995 FL N                                                                                                                        
     21231 DE Supply                           Singh           615 228-3245 TN Y                                                                                                                        
     21344 Gomez Bros.                         Ortega          615 889-2546 KY N                                                                                                                        
     22567 Dome Supply                         Smith           901 678-1419 GA N                                                                                                                        
     23119 Randsets Ltd.                       Anderson        901 678-3998 GA Y                                                                                                                        
     24004 Brackman Bros.                      Browning        615 228-1410 TN N                                                                                                                        
     24288 ORDVA, Inc.                         Hakford         615 898-1234 TN Y                                                                                                                        
     25443 BK, Inc.                            Smith           904 227-0093 FL N                                                                                                                        
     25501 Damal Supplies                      Smythe          615 890-3529 TN N                                                                                                                        
     25595 Rubicon Systems                     Orton           904 456-0092 FL Y                                                                                                                        

11 rows selected.

SQL> select * from vendor
  2  where v_contact = 'Smith';

    V_CODE V_NAME                              V_CONTACT       V_A V_PHONE  V_ V                                                                                                                        
---------- ----------------------------------- --------------- --- -------- -- -                                                                                                                        
     22567 Dome Supply                         Smith           901 678-1419 GA N                                                                                                                        
     25443 BK, Inc.                            Smith           904 227-0093 FL N                                                                                                                        

SQL> select * from products;
select * from products
              *
ERROR at line 1:
ORA-00942: table or view does not exist 


SQL> select * from product;

P_CODE     P_DESCRIPT                          P_INDATE       P_QOH      P_MIN    P_PRICE P_DISCOUNT     V_CODE                                                                                         
---------- ----------------------------------- --------- ---------- ---------- ---------- ---------- ----------                                                                                         
11QER/31   Power painter, 15 psi., 3-nozzle    03-NOV-11          8          5     109.99          0      25595                                                                                         
13-Q2/P2   7.25-in. pwr. saw blade             13-DEC-11         32         15      14.99        .05      21344                                                                                         
14-Q1/L3   9.00-in. pwr. saw blade             13-NOV-11         18         12      17.49          0      21344                                                                                         
1546-QQ2   Hrd. cloth, 1/4-in., 2x50           15-JAN-12         15          8      39.95          0      23119                                                                                         
1558-QW1   Hrd. cloth, 1/2-in., 3x50           15-JAN-12         23          5      43.99          0      23119                                                                                         
2232/QTY   BD jigsaw, 12-in. blade             30-DEC-11          8          5     109.92        .05      24288                                                                                         
2232/QWE   BD jigsaw, 8-in. blade              24-DEC-11          6          5      99.87        .05      24288                                                                                         
2238/QPD   BD cordless drill, 1/2-in.          20-JAN-12         12          5      38.95        .05      25595                                                                                         
23109-HB   Claw hammer                         20-JAN-12         23         10       9.95         .1      21225                                                                                         
23114-AA   Sledge hammer, 12 lb.               02-JAN-12          8          5       14.4        .05                                                                                                    
54778-2T   Rat-tail file, 1/8-in. fine         15-DEC-11         43         20       4.99          0      21344                                                                                         

P_CODE     P_DESCRIPT                          P_INDATE       P_QOH      P_MIN    P_PRICE P_DISCOUNT     V_CODE                                                                                         
---------- ----------------------------------- --------- ---------- ---------- ---------- ---------- ----------                                                                                         
89-WRE-Q   Hicut chain saw, 16 in.             07-FEB-12         11          5     256.99        .05      24288                                                                                         
PVC23DRT   PVC pipe, 3.5-in., 8-ft             20-FEB-12        188         75       5.87          0                                                                                                    
SM-18277   1.25-in. metal screw, 25            01-MAR-12        172         75       6.99          0      21225                                                                                         
SW-23116   2.5-in. wd. screw, 50               24-FEB-12        237        100       8.45          0      21231                                                                                         
WR3/TT3    Steel matting, 4'x8'x1/6", .5" mesh 17-JAN-12         18          5     119.95         .1      25595                                                                                         

16 rows selected.

SQL> select * from products
  2  where p_price >= 50;
select * from products
              *
ERROR at line 1:
ORA-00942: table or view does not exist 


SQL> ed
Wrote file afiedt.buf

  1  select * from product
  2* where p_price >= 50
SQL> /

P_CODE     P_DESCRIPT                          P_INDATE       P_QOH      P_MIN    P_PRICE P_DISCOUNT     V_CODE                                                                                         
---------- ----------------------------------- --------- ---------- ---------- ---------- ---------- ----------                                                                                         
11QER/31   Power painter, 15 psi., 3-nozzle    03-NOV-11          8          5     109.99          0      25595                                                                                         
2232/QTY   BD jigsaw, 12-in. blade             30-DEC-11          8          5     109.92        .05      24288                                                                                         
2232/QWE   BD jigsaw, 8-in. blade              24-DEC-11          6          5      99.87        .05      24288                                                                                         
89-WRE-Q   Hicut chain saw, 16 in.             07-FEB-12         11          5     256.99        .05      24288                                                                                         
WR3/TT3    Steel matting, 4'x8'x1/6", .5" mesh 17-JAN-12         18          5     119.95         .1      25595                                                                                         

SQL> select * from product;

P_CODE     P_DESCRIPT                          P_INDATE       P_QOH      P_MIN    P_PRICE P_DISCOUNT     V_CODE                                                                                         
---------- ----------------------------------- --------- ---------- ---------- ---------- ---------- ----------                                                                                         
11QER/31   Power painter, 15 psi., 3-nozzle    03-NOV-11          8          5     109.99          0      25595                                                                                         
13-Q2/P2   7.25-in. pwr. saw blade             13-DEC-11         32         15      14.99        .05      21344                                                                                         
14-Q1/L3   9.00-in. pwr. saw blade             13-NOV-11         18         12      17.49          0      21344                                                                                         
1546-QQ2   Hrd. cloth, 1/4-in., 2x50           15-JAN-12         15          8      39.95          0      23119                                                                                         
1558-QW1   Hrd. cloth, 1/2-in., 3x50           15-JAN-12         23          5      43.99          0      23119                                                                                         
2232/QTY   BD jigsaw, 12-in. blade             30-DEC-11          8          5     109.92        .05      24288                                                                                         
2232/QWE   BD jigsaw, 8-in. blade              24-DEC-11          6          5      99.87        .05      24288                                                                                         
2238/QPD   BD cordless drill, 1/2-in.          20-JAN-12         12          5      38.95        .05      25595                                                                                         
23109-HB   Claw hammer                         20-JAN-12         23         10       9.95         .1      21225                                                                                         
23114-AA   Sledge hammer, 12 lb.               02-JAN-12          8          5       14.4        .05                                                                                                    
54778-2T   Rat-tail file, 1/8-in. fine         15-DEC-11         43         20       4.99          0      21344                                                                                         

P_CODE     P_DESCRIPT                          P_INDATE       P_QOH      P_MIN    P_PRICE P_DISCOUNT     V_CODE                                                                                         
---------- ----------------------------------- --------- ---------- ---------- ---------- ---------- ----------                                                                                         
89-WRE-Q   Hicut chain saw, 16 in.             07-FEB-12         11          5     256.99        .05      24288                                                                                         
PVC23DRT   PVC pipe, 3.5-in., 8-ft             20-FEB-12        188         75       5.87          0                                                                                                    
SM-18277   1.25-in. metal screw, 25            01-MAR-12        172         75       6.99          0      21225                                                                                         
SW-23116   2.5-in. wd. screw, 50               24-FEB-12        237        100       8.45          0      21231                                                                                         
WR3/TT3    Steel matting, 4'x8'x1/6", .5" mesh 17-JAN-12         18          5     119.95         .1      25595                                                                                         

16 rows selected.

SQL> select * from vendor;

    V_CODE V_NAME                              V_CONTACT       V_A V_PHONE  V_ V                                                                                                                        
---------- ----------------------------------- --------------- --- -------- -- -                                                                                                                        
     21225 Bryson, Inc.                        Smithson        615 223-3234 TN Y                                                                                                                        
     21226 SuperLoo, Inc.                      Flushing        904 215-8995 FL N                                                                                                                        
     21231 DE Supply                           Singh           615 228-3245 TN Y                                                                                                                        
     21344 Gomez Bros.                         Ortega          615 889-2546 KY N                                                                                                                        
     22567 Dome Supply                         Smith           901 678-1419 GA N                                                                                                                        
     23119 Randsets Ltd.                       Anderson        901 678-3998 GA Y                                                                                                                        
     24004 Brackman Bros.                      Browning        615 228-1410 TN N                                                                                                                        
     24288 ORDVA, Inc.                         Hakford         615 898-1234 TN Y                                                                                                                        
     25443 BK, Inc.                            Smith           904 227-0093 FL N                                                                                                                        
     25501 Damal Supplies                      Smythe          615 890-3529 TN N                                                                                                                        
     25595 Rubicon Systems                     Orton           904 456-0092 FL Y                                                                                                                        

11 rows selected.

SQL> select count(name) from vendor
  2  where ;
where 
     *
ERROR at line 2:
ORA-00936: missing expression 


SQL> select count(v_contact)
  2  from vendor
  3  where v_code = v_code from product
  4  ;
where v_code = v_code from product
                      *
ERROR at line 3:
ORA-00933: SQL command not properly ended 


SQL> select * from product
  2  where p_price between 50 and 100;

P_CODE     P_DESCRIPT                          P_INDATE       P_QOH      P_MIN    P_PRICE P_DISCOUNT     V_CODE                                                                                         
---------- ----------------------------------- --------- ---------- ---------- ---------- ---------- ----------                                                                                         
2232/QWE   BD jigsaw, 8-in. blade              24-DEC-11          6          5      99.87        .05      24288                                                                                         

SQL> select count(p_code)
  2  from product
  3  where p_price < 10;

COUNT(P_CODE)                                                                                                                                                                                           
-------------                                                                                                                                                                                           
            5                                                                                                                                                                                           

SQL> select p_descrip
  2  from product
  3  where v_code = 21344 or 24288;
where v_code = 21344 or 24288
                            *
ERROR at line 3:
ORA-00920: invalid relational operator 


SQL> ed
Wrote file afiedt.buf

  1  select p_descrip
  2  from product
  3* where v_code = 21344 and 24288
SQL> /
where v_code = 21344 and 24288
                             *
ERROR at line 3:
ORA-00920: invalid relational operator 


SQL> ed
Wrote file afiedt.buf

  1  select p_descript
  2  from product
  3* where v_code = 21344 and 24288
SQL> /
where v_code = 21344 and 24288
                             *
ERROR at line 3:
ORA-00920: invalid relational operator 


SQL> ed
Wrote file afiedt.buf

  1  select p_descript
  2  from product
  3* where v_code = 21344 or v_code 24288
SQL> /
where v_code = 21344 or v_code 24288
                               *
ERROR at line 3:
ORA-00920: invalid relational operator 


SQL> ed
Wrote file afiedt.buf

  1  select p_descript
  2  from product
  3* where v_code = 21344
SQL> /

P_DESCRIPT                                                                                                                                                                                              
-----------------------------------                                                                                                                                                                     
7.25-in. pwr. saw blade                                                                                                                                                                                 
9.00-in. pwr. saw blade                                                                                                                                                                                 
Rat-tail file, 1/8-in. fine                                                                                                                                                                             

SQL> select p_descript, add_months(p_indate, 12)
  2  from product;

P_DESCRIPT                          ADD_MONTH                                                                                                                                                           
----------------------------------- ---------                                                                                                                                                           
Power painter, 15 psi., 3-nozzle    03-NOV-12                                                                                                                                                           
7.25-in. pwr. saw blade             13-DEC-12                                                                                                                                                           
9.00-in. pwr. saw blade             13-NOV-12                                                                                                                                                           
Hrd. cloth, 1/4-in., 2x50           15-JAN-13                                                                                                                                                           
Hrd. cloth, 1/2-in., 3x50           15-JAN-13                                                                                                                                                           
BD jigsaw, 12-in. blade             30-DEC-12                                                                                                                                                           
BD jigsaw, 8-in. blade              24-DEC-12                                                                                                                                                           
BD cordless drill, 1/2-in.          20-JAN-13                                                                                                                                                           
Claw hammer                         20-JAN-13                                                                                                                                                           
Sledge hammer, 12 lb.               02-JAN-13                                                                                                                                                           
Rat-tail file, 1/8-in. fine         15-DEC-12                                                                                                                                                           

P_DESCRIPT                          ADD_MONTH                                                                                                                                                           
----------------------------------- ---------                                                                                                                                                           
Hicut chain saw, 16 in.             07-FEB-13                                                                                                                                                           
PVC pipe, 3.5-in., 8-ft             20-FEB-13                                                                                                                                                           
1.25-in. metal screw, 25            01-MAR-13                                                                                                                                                           
2.5-in. wd. screw, 50               24-FEB-13                                                                                                                                                           
Steel matting, 4'x8'x1/6", .5" mesh 17-JAN-13                                                                                                                                                           

16 rows selected.

SQL> select * from product
  2  where p_indate > '03-MAR-18';

no rows selected

SQL> ed
Wrote file afiedt.buf

  1  select * from product
  2* where p_indate >= '03-MAR-18'
SQL> /

no rows selected

SQL> ed
Wrote file afiedt.buf

  1  select * from product
  2* where p_indate >= '20-JAN-18'
SQL> /

no rows selected

SQL> select * from invoice;

INV_NUMBER   CUS_CODE INV_DATE                                                                                                                                                                          
---------- ---------- ---------                                                                                                                                                                         
      1001      10014 16-JAN-12                                                                                                                                                                         
      1002      10011 16-JAN-12                                                                                                                                                                         
      1003      10012 16-JAN-12                                                                                                                                                                         
      1004      10011 17-JAN-12                                                                                                                                                                         
      1005      10018 17-JAN-12                                                                                                                                                                         
      1006      10014 17-JAN-12                                                                                                                                                                         
      1007      10015 17-JAN-12                                                                                                                                                                         
      1008      10011 17-JAN-12                                                                                                                                                                         

8 rows selected.

SQL> select * from invoice
  2  where inv_date >= '20-JAN-18';

no rows selected

SQL> select * from product;

P_CODE     P_DESCRIPT                          P_INDATE       P_QOH      P_MIN    P_PRICE P_DISCOUNT     V_CODE                                                                                         
---------- ----------------------------------- --------- ---------- ---------- ---------- ---------- ----------                                                                                         
11QER/31   Power painter, 15 psi., 3-nozzle    03-NOV-11          8          5     109.99          0      25595                                                                                         
13-Q2/P2   7.25-in. pwr. saw blade             13-DEC-11         32         15      14.99        .05      21344                                                                                         
14-Q1/L3   9.00-in. pwr. saw blade             13-NOV-11         18         12      17.49          0      21344                                                                                         
1546-QQ2   Hrd. cloth, 1/4-in., 2x50           15-JAN-12         15          8      39.95          0      23119                                                                                         
1558-QW1   Hrd. cloth, 1/2-in., 3x50           15-JAN-12         23          5      43.99          0      23119                                                                                         
2232/QTY   BD jigsaw, 12-in. blade             30-DEC-11          8          5     109.92        .05      24288                                                                                         
2232/QWE   BD jigsaw, 8-in. blade              24-DEC-11          6          5      99.87        .05      24288                                                                                         
2238/QPD   BD cordless drill, 1/2-in.          20-JAN-12         12          5      38.95        .05      25595                                                                                         
23109-HB   Claw hammer                         20-JAN-12         23         10       9.95         .1      21225                                                                                         
23114-AA   Sledge hammer, 12 lb.               02-JAN-12          8          5       14.4        .05                                                                                                    
54778-2T   Rat-tail file, 1/8-in. fine         15-DEC-11         43         20       4.99          0      21344                                                                                         

P_CODE     P_DESCRIPT                          P_INDATE       P_QOH      P_MIN    P_PRICE P_DISCOUNT     V_CODE                                                                                         
---------- ----------------------------------- --------- ---------- ---------- ---------- ---------- ----------                                                                                         
89-WRE-Q   Hicut chain saw, 16 in.             07-FEB-12         11          5     256.99        .05      24288                                                                                         
PVC23DRT   PVC pipe, 3.5-in., 8-ft             20-FEB-12        188         75       5.87          0                                                                                                    
SM-18277   1.25-in. metal screw, 25            01-MAR-12        172         75       6.99          0      21225                                                                                         
SW-23116   2.5-in. wd. screw, 50               24-FEB-12        237        100       8.45          0      21231                                                                                         
WR3/TT3    Steel matting, 4'x8'x1/6", .5" mesh 17-JAN-12         18          5     119.95         .1      25595                                                                                         

16 rows selected.

SQL> select * from customer;

  CUS_CODE CUS_LNAME       CUS_FNAME       C CUS CUS_PHON CUS_BALANCE                                                                                                                                   
---------- --------------- --------------- - --- -------- -----------                                                                                                                                   
     10010 Ramas           Alfred          A 615 844-2573           0                                                                                                                                   
     10011 Dunne           Leona           K 713 894-1238           0                                                                                                                                   
     10012 Smith           Kathy           W 615 894-2285      345.86                                                                                                                                   
     10013 Olowski         Paul            F 615 894-2180      536.75                                                                                                                                   
     10014 Orlando         Myron             615 222-1672           0                                                                                                                                   
     10015 O'Brian         Amy             B 713 442-3381           0                                                                                                                                   
     10016 Brown           James           G 615 297-1228      221.19                                                                                                                                   
     10017 Williams        George            615 290-2556      768.93                                                                                                                                   
     10018 Farriss         Anne            G 713 382-7185      216.55                                                                                                                                   
     10019 Smith           Olette          K 615 297-3809           0                                                                                                                                   

10 rows selected.

SQL> select * from invoice;

INV_NUMBER   CUS_CODE INV_DATE                                                                                                                                                                          
---------- ---------- ---------                                                                                                                                                                         
      1001      10014 16-JAN-12                                                                                                                                                                         
      1002      10011 16-JAN-12                                                                                                                                                                         
      1003      10012 16-JAN-12                                                                                                                                                                         
      1004      10011 17-JAN-12                                                                                                                                                                         
      1005      10018 17-JAN-12                                                                                                                                                                         
      1006      10014 17-JAN-12                                                                                                                                                                         
      1007      10015 17-JAN-12                                                                                                                                                                         
      1008      10011 17-JAN-12                                                                                                                                                                         

8 rows selected.

SQL> select * line;
select * line
         *
ERROR at line 1:
ORA-00923: FROM keyword not found where expected 


SQL> ed
Wrote file afiedt.buf

  1* select * from line
SQL> /

INV_NUMBER LINE_NUMBER P_CODE     LINE_UNITS LINE_PRICE                                                                                                                                                 
---------- ----------- ---------- ---------- ----------                                                                                                                                                 
      1001           1 13-Q2/P2            1      14.99                                                                                                                                                 
      1001           2 23109-HB            1       9.95                                                                                                                                                 
      1002           1 54778-2T            2       4.99                                                                                                                                                 
      1003           1 2238/QPD            1      38.95                                                                                                                                                 
      1003           2 1546-QQ2            1      39.95                                                                                                                                                 
      1003           3 13-Q2/P2            5      14.99                                                                                                                                                 
      1004           1 54778-2T            3       4.99                                                                                                                                                 
      1004           2 23109-HB            2       9.95                                                                                                                                                 
      1005           1 PVC23DRT           12       5.87                                                                                                                                                 
      1006           1 SM-18277            3       6.99                                                                                                                                                 
      1006           2 2232/QTY            1     109.92                                                                                                                                                 

INV_NUMBER LINE_NUMBER P_CODE     LINE_UNITS LINE_PRICE                                                                                                                                                 
---------- ----------- ---------- ---------- ----------                                                                                                                                                 
      1006           3 23109-HB            1       9.95                                                                                                                                                 
      1006           4 89-WRE-Q            1     256.99                                                                                                                                                 
      1007           1 13-Q2/P2            2      14.99                                                                                                                                                 
      1007           2 54778-2T            1       4.99                                                                                                                                                 
      1008           1 PVC23DRT            5       5.87                                                                                                                                                 
      1008           2 WR3/TT3             3     119.95                                                                                                                                                 
      1008           3 23109-HB            1       9.95                                                                                                                                                 

18 rows selected.

SQL> select count(distinct v_code) from product;

COUNT(DISTINCTV_CODE)                                                                                                                                                                                   
---------------------                                                                                                                                                                                   
                    6                                                                                                                                                                                   

SQL> select inv_number, sum(line_number * lineprice) from invoice;
select inv_number, sum(line_number * lineprice) from invoice
                                     *
ERROR at line 1:
ORA-00904: "LINEPRICE": invalid identifier 


SQL> ed
Wrote file afiedt.buf

  1* select inv_number, sum(line_number * line_price) from invoice
SQL> /
select inv_number, sum(line_number * line_price) from invoice
                                     *
ERROR at line 1:
ORA-00904: "LINE_PRICE": invalid identifier 


SQL> /ed
SP2-0042: unknown command "/ed" - rest of line ignored.
SQL> ed
Wrote file afiedt.buf

  1* select sum(line_number * line_price) from invoice
SQL> /
select sum(line_number * line_price) from invoice
                         *
ERROR at line 1:
ORA-00904: "LINE_PRICE": invalid identifier 


SQL> select * from product
  2  where v_code in(21344, 24288);

P_CODE     P_DESCRIPT                          P_INDATE       P_QOH      P_MIN    P_PRICE P_DISCOUNT     V_CODE                                                                                         
---------- ----------------------------------- --------- ---------- ---------- ---------- ---------- ----------                                                                                         
13-Q2/P2   7.25-in. pwr. saw blade             13-DEC-11         32         15      14.99        .05      21344                                                                                         
14-Q1/L3   9.00-in. pwr. saw blade             13-NOV-11         18         12      17.49          0      21344                                                                                         
2232/QTY   BD jigsaw, 12-in. blade             30-DEC-11          8          5     109.92        .05      24288                                                                                         
2232/QWE   BD jigsaw, 8-in. blade              24-DEC-11          6          5      99.87        .05      24288                                                                                         
54778-2T   Rat-tail file, 1/8-in. fine         15-DEC-11         43         20       4.99          0      21344                                                                                         
89-WRE-Q   Hicut chain saw, 16 in.             07-FEB-12         11          5     256.99        .05      24288                                                                                         

6 rows selected.

SQL> select * from product
  2  where v_code is null;

P_CODE     P_DESCRIPT                          P_INDATE       P_QOH      P_MIN    P_PRICE P_DISCOUNT     V_CODE                                                                                         
---------- ----------------------------------- --------- ---------- ---------- ---------- ---------- ----------                                                                                         
23114-AA   Sledge hammer, 12 lb.               02-JAN-12          8          5       14.4        .05                                                                                                    
PVC23DRT   PVC pipe, 3.5-in., 8-ft             20-FEB-12        188         75       5.87          0                                                                                                    

SQL> select * from invoice;

INV_NUMBER   CUS_CODE INV_DATE                                                                                                                                                                          
---------- ---------- ---------                                                                                                                                                                         
      1001      10014 16-JAN-12                                                                                                                                                                         
      1002      10011 16-JAN-12                                                                                                                                                                         
      1003      10012 16-JAN-12                                                                                                                                                                         
      1004      10011 17-JAN-12                                                                                                                                                                         
      1005      10018 17-JAN-12                                                                                                                                                                         
      1006      10014 17-JAN-12                                                                                                                                                                         
      1007      10015 17-JAN-12                                                                                                                                                                         
      1008      10011 17-JAN-12                                                                                                                                                                         

8 rows selected.

SQL> select * from line;

INV_NUMBER LINE_NUMBER P_CODE     LINE_UNITS LINE_PRICE                                                                                                                                                 
---------- ----------- ---------- ---------- ----------                                                                                                                                                 
      1001           1 13-Q2/P2            1      14.99                                                                                                                                                 
      1001           2 23109-HB            1       9.95                                                                                                                                                 
      1002           1 54778-2T            2       4.99                                                                                                                                                 
      1003           1 2238/QPD            1      38.95                                                                                                                                                 
      1003           2 1546-QQ2            1      39.95                                                                                                                                                 
      1003           3 13-Q2/P2            5      14.99                                                                                                                                                 
      1004           1 54778-2T            3       4.99                                                                                                                                                 
      1004           2 23109-HB            2       9.95                                                                                                                                                 
      1005           1 PVC23DRT           12       5.87                                                                                                                                                 
      1006           1 SM-18277            3       6.99                                                                                                                                                 
      1006           2 2232/QTY            1     109.92                                                                                                                                                 

INV_NUMBER LINE_NUMBER P_CODE     LINE_UNITS LINE_PRICE                                                                                                                                                 
---------- ----------- ---------- ---------- ----------                                                                                                                                                 
      1006           3 23109-HB            1       9.95                                                                                                                                                 
      1006           4 89-WRE-Q            1     256.99                                                                                                                                                 
      1007           1 13-Q2/P2            2      14.99                                                                                                                                                 
      1007           2 54778-2T            1       4.99                                                                                                                                                 
      1008           1 PVC23DRT            5       5.87                                                                                                                                                 
      1008           2 WR3/TT3             3     119.95                                                                                                                                                 
      1008           3 23109-HB            1       9.95                                                                                                                                                 

18 rows selected.

SQL> select sum(line_number) from line;

SUM(LINE_NUMBER)                                                                                                                                                                                        
----------------                                                                                                                                                                                        
              33                                                                                                                                                                                        

SQL> select sum(line_units) from line;

SUM(LINE_UNITS)                                                                                                                                                                                         
---------------                                                                                                                                                                                         
             46                                                                                                                                                                                         

SQL> select line_units, inv_number
  2  from line
  3  group by cus_code;
group by cus_code
         *
ERROR at line 3:
ORA-00904: "CUS_CODE": invalid identifier 


SQL> select * from line
  2  group by cus_code;
group by cus_code
         *
ERROR at line 2:
ORA-00904: "CUS_CODE": invalid identifier 


SQL> ed
Wrote file afiedt.buf

  1  select * from line
  2* group by cus_code from invoice;
SQL> /
group by cus_code from invoice;
                  *
ERROR at line 2:
ORA-00933: SQL command not properly ended 


SQL> select sum(line_units * line_price), inv_number
  2  from invoice
  3  group by inv_number;
select sum(line_units * line_price), inv_number
                        *
ERROR at line 1:
ORA-00904: "LINE_PRICE": invalid identifier 


SQL> ed
Wrote file afiedt.buf

  1  select sum(line_units * line_price), inv_number
  2  from line
  3* group by inv_number
SQL> /

SUM(LINE_UNITS*LINE_PRICE) INV_NUMBER                                                                                                                                                                   
-------------------------- ----------                                                                                                                                                                   
                    153.85       1003                                                                                                                                                                   
                    397.83       1006                                                                                                                                                                   
                     24.94       1001                                                                                                                                                                   
                      9.98       1002                                                                                                                                                                   
                     34.97       1007                                                                                                                                                                   
                     34.87       1004                                                                                                                                                                   
                     70.44       1005                                                                                                                                                                   
                    399.15       1008                                                                                                                                                                   

8 rows selected.

SQL> select sum(line_units), inv_number
  2  from line
  3  group by inv_number;

SUM(LINE_UNITS) INV_NUMBER                                                                                                                                                                              
--------------- ----------                                                                                                                                                                              
              7       1003                                                                                                                                                                              
              6       1006                                                                                                                                                                              
              2       1001                                                                                                                                                                              
              2       1002                                                                                                                                                                              
              3       1007                                                                                                                                                                              
              5       1004                                                                                                                                                                              
             12       1005                                                                                                                                                                              
              9       1008                                                                                                                                                                              

8 rows selected.

SQL> select * from vendor;

    V_CODE V_NAME                              V_CONTACT       V_A V_PHONE  V_ V                                                                                                                        
---------- ----------------------------------- --------------- --- -------- -- -                                                                                                                        
     21225 Bryson, Inc.                        Smithson        615 223-3234 TN Y                                                                                                                        
     21226 SuperLoo, Inc.                      Flushing        904 215-8995 FL N                                                                                                                        
     21231 DE Supply                           Singh           615 228-3245 TN Y                                                                                                                        
     21344 Gomez Bros.                         Ortega          615 889-2546 KY N                                                                                                                        
     22567 Dome Supply                         Smith           901 678-1419 GA N                                                                                                                        
     23119 Randsets Ltd.                       Anderson        901 678-3998 GA Y                                                                                                                        
     24004 Brackman Bros.                      Browning        615 228-1410 TN N                                                                                                                        
     24288 ORDVA, Inc.                         Hakford         615 898-1234 TN Y                                                                                                                        
     25443 BK, Inc.                            Smith           904 227-0093 FL N                                                                                                                        
     25501 Damal Supplies                      Smythe          615 890-3529 TN N                                                                                                                        
     25595 Rubicon Systems                     Orton           904 456-0092 FL Y                                                                                                                        

11 rows selected.

SQL> select * from product;

P_CODE     P_DESCRIPT                          P_INDATE       P_QOH      P_MIN    P_PRICE P_DISCOUNT     V_CODE                                                                                         
---------- ----------------------------------- --------- ---------- ---------- ---------- ---------- ----------                                                                                         
11QER/31   Power painter, 15 psi., 3-nozzle    03-NOV-11          8          5     109.99          0      25595                                                                                         
13-Q2/P2   7.25-in. pwr. saw blade             13-DEC-11         32         15      14.99        .05      21344                                                                                         
14-Q1/L3   9.00-in. pwr. saw blade             13-NOV-11         18         12      17.49          0      21344                                                                                         
1546-QQ2   Hrd. cloth, 1/4-in., 2x50           15-JAN-12         15          8      39.95          0      23119                                                                                         
1558-QW1   Hrd. cloth, 1/2-in., 3x50           15-JAN-12         23          5      43.99          0      23119                                                                                         
2232/QTY   BD jigsaw, 12-in. blade             30-DEC-11          8          5     109.92        .05      24288                                                                                         
2232/QWE   BD jigsaw, 8-in. blade              24-DEC-11          6          5      99.87        .05      24288                                                                                         
2238/QPD   BD cordless drill, 1/2-in.          20-JAN-12         12          5      38.95        .05      25595                                                                                         
23109-HB   Claw hammer                         20-JAN-12         23         10       9.95         .1      21225                                                                                         
23114-AA   Sledge hammer, 12 lb.               02-JAN-12          8          5       14.4        .05                                                                                                    
54778-2T   Rat-tail file, 1/8-in. fine         15-DEC-11         43         20       4.99          0      21344                                                                                         

P_CODE     P_DESCRIPT                          P_INDATE       P_QOH      P_MIN    P_PRICE P_DISCOUNT     V_CODE                                                                                         
---------- ----------------------------------- --------- ---------- ---------- ---------- ---------- ----------                                                                                         
89-WRE-Q   Hicut chain saw, 16 in.             07-FEB-12         11          5     256.99        .05      24288                                                                                         
PVC23DRT   PVC pipe, 3.5-in., 8-ft             20-FEB-12        188         75       5.87          0                                                                                                    
SM-18277   1.25-in. metal screw, 25            01-MAR-12        172         75       6.99          0      21225                                                                                         
SW-23116   2.5-in. wd. screw, 50               24-FEB-12        237        100       8.45          0      21231                                                                                         
WR3/TT3    Steel matting, 4'x8'x1/6", .5" mesh 17-JAN-12         18          5     119.95         .1      25595                                                                                         

16 rows selected.

SQL> select sum(p_qoh), v_code
  2  from product
  3  group by v_code;

SUM(P_QOH)     V_CODE                                                                                                                                                                                   
---------- ----------                                                                                                                                                                                   
        38      25595                                                                                                                                                                                   
        38      23119                                                                                                                                                                                   
       196                                                                                                                                                                                              
       237      21231                                                                                                                                                                                   
       195      21225                                                                                                                                                                                   
        25      24288                                                                                                                                                                                   
        93      21344                                                                                                                                                                                   

7 rows selected.

SQL> select * from customer;

  CUS_CODE CUS_LNAME       CUS_FNAME       C CUS CUS_PHON CUS_BALANCE                                                                                                                                   
---------- --------------- --------------- - --- -------- -----------                                                                                                                                   
     10010 Ramas           Alfred          A 615 844-2573           0                                                                                                                                   
     10011 Dunne           Leona           K 713 894-1238           0                                                                                                                                   
     10012 Smith           Kathy           W 615 894-2285      345.86                                                                                                                                   
     10013 Olowski         Paul            F 615 894-2180      536.75                                                                                                                                   
     10014 Orlando         Myron             615 222-1672           0                                                                                                                                   
     10015 O'Brian         Amy             B 713 442-3381           0                                                                                                                                   
     10016 Brown           James           G 615 297-1228      221.19                                                                                                                                   
     10017 Williams        George            615 290-2556      768.93                                                                                                                                   
     10018 Farriss         Anne            G 713 382-7185      216.55                                                                                                                                   
     10019 Smith           Olette          K 615 297-3809           0                                                                                                                                   

10 rows selected.

SQL> select * from product;

P_CODE     P_DESCRIPT                          P_INDATE       P_QOH      P_MIN    P_PRICE P_DISCOUNT     V_CODE                                                                                         
---------- ----------------------------------- --------- ---------- ---------- ---------- ---------- ----------                                                                                         
11QER/31   Power painter, 15 psi., 3-nozzle    03-NOV-11          8          5     109.99          0      25595                                                                                         
13-Q2/P2   7.25-in. pwr. saw blade             13-DEC-11         32         15      14.99        .05      21344                                                                                         
14-Q1/L3   9.00-in. pwr. saw blade             13-NOV-11         18         12      17.49          0      21344                                                                                         
1546-QQ2   Hrd. cloth, 1/4-in., 2x50           15-JAN-12         15          8      39.95          0      23119                                                                                         
1558-QW1   Hrd. cloth, 1/2-in., 3x50           15-JAN-12         23          5      43.99          0      23119                                                                                         
2232/QTY   BD jigsaw, 12-in. blade             30-DEC-11          8          5     109.92        .05      24288                                                                                         
2232/QWE   BD jigsaw, 8-in. blade              24-DEC-11          6          5      99.87        .05      24288                                                                                         
2238/QPD   BD cordless drill, 1/2-in.          20-JAN-12         12          5      38.95        .05      25595                                                                                         
23109-HB   Claw hammer                         20-JAN-12         23         10       9.95         .1      21225                                                                                         
23114-AA   Sledge hammer, 12 lb.               02-JAN-12          8          5       14.4        .05                                                                                                    
54778-2T   Rat-tail file, 1/8-in. fine         15-DEC-11         43         20       4.99          0      21344                                                                                         

P_CODE     P_DESCRIPT                          P_INDATE       P_QOH      P_MIN    P_PRICE P_DISCOUNT     V_CODE                                                                                         
---------- ----------------------------------- --------- ---------- ---------- ---------- ---------- ----------                                                                                         
89-WRE-Q   Hicut chain saw, 16 in.             07-FEB-12         11          5     256.99        .05      24288                                                                                         
PVC23DRT   PVC pipe, 3.5-in., 8-ft             20-FEB-12        188         75       5.87          0                                                                                                    
SM-18277   1.25-in. metal screw, 25            01-MAR-12        172         75       6.99          0      21225                                                                                         
SW-23116   2.5-in. wd. screw, 50               24-FEB-12        237        100       8.45          0      21231                                                                                         
WR3/TT3    Steel matting, 4'x8'x1/6", .5" mesh 17-JAN-12         18          5     119.95         .1      25595                                                                                         

16 rows selected.

SQL> select * from vendor;

    V_CODE V_NAME                              V_CONTACT       V_A V_PHONE  V_ V                                                                                                                        
---------- ----------------------------------- --------------- --- -------- -- -                                                                                                                        
     21225 Bryson, Inc.                        Smithson        615 223-3234 TN Y                                                                                                                        
     21226 SuperLoo, Inc.                      Flushing        904 215-8995 FL N                                                                                                                        
     21231 DE Supply                           Singh           615 228-3245 TN Y                                                                                                                        
     21344 Gomez Bros.                         Ortega          615 889-2546 KY N                                                                                                                        
     22567 Dome Supply                         Smith           901 678-1419 GA N                                                                                                                        
     23119 Randsets Ltd.                       Anderson        901 678-3998 GA Y                                                                                                                        
     24004 Brackman Bros.                      Browning        615 228-1410 TN N                                                                                                                        
     24288 ORDVA, Inc.                         Hakford         615 898-1234 TN Y                                                                                                                        
     25443 BK, Inc.                            Smith           904 227-0093 FL N                                                                                                                        
     25501 Damal Supplies                      Smythe          615 890-3529 TN N                                                                                                                        
     25595 Rubicon Systems                     Orton           904 456-0092 FL Y                                                                                                                        

11 rows selected.

SQL> select * from invoice;

INV_NUMBER   CUS_CODE INV_DATE                                                                                                                                                                          
---------- ---------- ---------                                                                                                                                                                         
      1001      10014 16-JAN-12                                                                                                                                                                         
      1002      10011 16-JAN-12                                                                                                                                                                         
      1003      10012 16-JAN-12                                                                                                                                                                         
      1004      10011 17-JAN-12                                                                                                                                                                         
      1005      10018 17-JAN-12                                                                                                                                                                         
      1006      10014 17-JAN-12                                                                                                                                                                         
      1007      10015 17-JAN-12                                                                                                                                                                         
      1008      10011 17-JAN-12                                                                                                                                                                         

8 rows selected.

SQL> select * from line;

INV_NUMBER LINE_NUMBER P_CODE     LINE_UNITS LINE_PRICE                                                                                                                                                 
---------- ----------- ---------- ---------- ----------                                                                                                                                                 
      1001           1 13-Q2/P2            1      14.99                                                                                                                                                 
      1001           2 23109-HB            1       9.95                                                                                                                                                 
      1002           1 54778-2T            2       4.99                                                                                                                                                 
      1003           1 2238/QPD            1      38.95                                                                                                                                                 
      1003           2 1546-QQ2            1      39.95                                                                                                                                                 
      1003           3 13-Q2/P2            5      14.99                                                                                                                                                 
      1004           1 54778-2T            3       4.99                                                                                                                                                 
      1004           2 23109-HB            2       9.95                                                                                                                                                 
      1005           1 PVC23DRT           12       5.87                                                                                                                                                 
      1006           1 SM-18277            3       6.99                                                                                                                                                 
      1006           2 2232/QTY            1     109.92                                                                                                                                                 

INV_NUMBER LINE_NUMBER P_CODE     LINE_UNITS LINE_PRICE                                                                                                                                                 
---------- ----------- ---------- ---------- ----------                                                                                                                                                 
      1006           3 23109-HB            1       9.95                                                                                                                                                 
      1006           4 89-WRE-Q            1     256.99                                                                                                                                                 
      1007           1 13-Q2/P2            2      14.99                                                                                                                                                 
      1007           2 54778-2T            1       4.99                                                                                                                                                 
      1008           1 PVC23DRT            5       5.87                                                                                                                                                 
      1008           2 WR3/TT3             3     119.95                                                                                                                                                 
      1008           3 23109-HB            1       9.95                                                                                                                                                 

18 rows selected.

SQL> select sum(p_price), v_code, p_qoh
  2  from pproduct
  3  ;
from pproduct
     *
ERROR at line 2:
ORA-00942: table or view does not exist 


SQL> ed
Wrote file afiedt.buf

  1  select sum(p_price), v_code, p_qoh
  2* from product
  3  /
select sum(p_price), v_code, p_qoh
                     *
ERROR at line 1:
ORA-00937: not a single-group group function 


SQL> ed
Wrote file afiedt.buf

  1  select sum(p_price), v_code, p_qoh
  2  from product
  3* group by v_code
SQL> /
select sum(p_price), v_code, p_qoh
                             *
ERROR at line 1:
ORA-00979: not a GROUP BY expression 


SQL> ed
Wrote file afiedt.buf

  1  select sum(p_price), p_qoh, v_code
  2  from product
  3* group by v_code
SQL> /
select sum(p_price), p_qoh, v_code
                     *
ERROR at line 1:
ORA-00979: not a GROUP BY expression 


SQL> ed
Wrote file afiedt.buf

  1  select sum(p_price), count(p_qoh), v_code
  2  from product
  3* group by v_code
SQL> /

SUM(P_PRICE) COUNT(P_QOH)     V_CODE                                                                                                                                                                    
------------ ------------ ----------                                                                                                                                                                    
      268.89            3      25595                                                                                                                                                                    
       83.94            2      23119                                                                                                                                                                    
       20.27            2                                                                                                                                                                               
        8.45            1      21231                                                                                                                                                                    
       16.94            2      21225                                                                                                                                                                    
      466.78            3      24288                                                                                                                                                                    
       37.47            3      21344                                                                                                                                                                    

7 rows selected.

SQL> select * from vendor;

    V_CODE V_NAME                              V_CONTACT       V_A V_PHONE  V_ V                                                                                                                        
---------- ----------------------------------- --------------- --- -------- -- -                                                                                                                        
     21225 Bryson, Inc.                        Smithson        615 223-3234 TN Y                                                                                                                        
     21226 SuperLoo, Inc.                      Flushing        904 215-8995 FL N                                                                                                                        
     21231 DE Supply                           Singh           615 228-3245 TN Y                                                                                                                        
     21344 Gomez Bros.                         Ortega          615 889-2546 KY N                                                                                                                        
     22567 Dome Supply                         Smith           901 678-1419 GA N                                                                                                                        
     23119 Randsets Ltd.                       Anderson        901 678-3998 GA Y                                                                                                                        
     24004 Brackman Bros.                      Browning        615 228-1410 TN N                                                                                                                        
     24288 ORDVA, Inc.                         Hakford         615 898-1234 TN Y                                                                                                                        
     25443 BK, Inc.                            Smith           904 227-0093 FL N                                                                                                                        
     25501 Damal Supplies                      Smythe          615 890-3529 TN N                                                                                                                        
     25595 Rubicon Systems                     Orton           904 456-0092 FL Y                                                                                                                        

11 rows selected.

SQL> select v_code, avg(p_price)
  2  from [product
  3  where price >= 10;
from [product
     *
ERROR at line 2:
ORA-00903: invalid table name 


SQL> ed
Wrote file afiedt.buf

  1  select v_code, avg(p_price)
  2  from [product
  3* where p_price >= 10
SQL> /
from [product
     *
ERROR at line 2:
ORA-00903: invalid table name 


SQL> ed
Wrote file afiedt.buf

  1  select v_code, avg(p_price)
  2  from product
  3* where p_price >= 10
SQL> /
select v_code, avg(p_price)
       *
ERROR at line 1:
ORA-00937: not a single-group group function 


SQL> ed
Wrote file afiedt.buf

  1  select avg(p_price), v_code
  2  from product
  3* where p_price >= 10
SQL> /
select avg(p_price), v_code
                     *
ERROR at line 1:
ORA-00937: not a single-group group function 


SQL> ed
Wrote file afiedt.buf

  1  select avg(p_price), v_code
  2  from product
  3  where p_price >= 10
  4* group by v_code
SQL> /

AVG(P_PRICE)     V_CODE                                                                                                                                                                                 
------------ ----------                                                                                                                                                                                 
       89.63      25595                                                                                                                                                                                 
       41.97      23119                                                                                                                                                                                 
        14.4                                                                                                                                                                                            
  155.593333      24288                                                                                                                                                                                 
       16.24      21344                                                                                                                                                                                 

SQL> ed
Wrote file afiedt.buf

  1  select avg(p_price), v_code
  2  from product
  3  where p_price <= 10
  4* group by v_code
SQL> /

AVG(P_PRICE)     V_CODE                                                                                                                                                                                 
------------ ----------                                                                                                                                                                                 
        5.87                                                                                                                                                                                            
        8.45      21231                                                                                                                                                                                 
        8.47      21225                                                                                                                                                                                 
        4.99      21344                                                                                                                                                                                 

SQL> select p_price
  2  from product
  3  ;

   P_PRICE                                                                                                                                                                                              
----------                                                                                                                                                                                              
    109.99                                                                                                                                                                                              
     14.99                                                                                                                                                                                              
     17.49                                                                                                                                                                                              
     39.95                                                                                                                                                                                              
     43.99                                                                                                                                                                                              
    109.92                                                                                                                                                                                              
     99.87                                                                                                                                                                                              
     38.95                                                                                                                                                                                              
      9.95                                                                                                                                                                                              
      14.4                                                                                                                                                                                              
      4.99                                                                                                                                                                                              

   P_PRICE                                                                                                                                                                                              
----------                                                                                                                                                                                              
    256.99                                                                                                                                                                                              
      5.87                                                                                                                                                                                              
      6.99                                                                                                                                                                                              
      8.45                                                                                                                                                                                              
    119.95                                                                                                                                                                                              

16 rows selected.

SQL> ed
Wrote file afiedt.buf

  1  select round(p_price, 1)
  2* from product
  3  /

ROUND(P_PRICE,1)                                                                                                                                                                                        
----------------                                                                                                                                                                                        
             110                                                                                                                                                                                        
              15                                                                                                                                                                                        
            17.5                                                                                                                                                                                        
              40                                                                                                                                                                                        
              44                                                                                                                                                                                        
           109.9                                                                                                                                                                                        
            99.9                                                                                                                                                                                        
              39                                                                                                                                                                                        
              10                                                                                                                                                                                        
            14.4                                                                                                                                                                                        
               5                                                                                                                                                                                        

ROUND(P_PRICE,1)                                                                                                                                                                                        
----------------                                                                                                                                                                                        
             257                                                                                                                                                                                        
             5.9                                                                                                                                                                                        
               7                                                                                                                                                                                        
             8.5                                                                                                                                                                                        
             120                                                                                                                                                                                        

16 rows selected.

SQL> select * from price;
select * from price
              *
ERROR at line 1:
ORA-00942: table or view does not exist 


SQL> select * from product;

P_CODE     P_DESCRIPT                          P_INDATE       P_QOH      P_MIN    P_PRICE P_DISCOUNT     V_CODE                                                                                         
---------- ----------------------------------- --------- ---------- ---------- ---------- ---------- ----------                                                                                         
11QER/31   Power painter, 15 psi., 3-nozzle    03-NOV-11          8          5     109.99          0      25595                                                                                         
13-Q2/P2   7.25-in. pwr. saw blade             13-DEC-11         32         15      14.99        .05      21344                                                                                         
14-Q1/L3   9.00-in. pwr. saw blade             13-NOV-11         18         12      17.49          0      21344                                                                                         
1546-QQ2   Hrd. cloth, 1/4-in., 2x50           15-JAN-12         15          8      39.95          0      23119                                                                                         
1558-QW1   Hrd. cloth, 1/2-in., 3x50           15-JAN-12         23          5      43.99          0      23119                                                                                         
2232/QTY   BD jigsaw, 12-in. blade             30-DEC-11          8          5     109.92        .05      24288                                                                                         
2232/QWE   BD jigsaw, 8-in. blade              24-DEC-11          6          5      99.87        .05      24288                                                                                         
2238/QPD   BD cordless drill, 1/2-in.          20-JAN-12         12          5      38.95        .05      25595                                                                                         
23109-HB   Claw hammer                         20-JAN-12         23         10       9.95         .1      21225                                                                                         
23114-AA   Sledge hammer, 12 lb.               02-JAN-12          8          5       14.4        .05                                                                                                    
54778-2T   Rat-tail file, 1/8-in. fine         15-DEC-11         43         20       4.99          0      21344                                                                                         

P_CODE     P_DESCRIPT                          P_INDATE       P_QOH      P_MIN    P_PRICE P_DISCOUNT     V_CODE                                                                                         
---------- ----------------------------------- --------- ---------- ---------- ---------- ---------- ----------                                                                                         
89-WRE-Q   Hicut chain saw, 16 in.             07-FEB-12         11          5     256.99        .05      24288                                                                                         
PVC23DRT   PVC pipe, 3.5-in., 8-ft             20-FEB-12        188         75       5.87          0                                                                                                    
SM-18277   1.25-in. metal screw, 25            01-MAR-12        172         75       6.99          0      21225                                                                                         
SW-23116   2.5-in. wd. screw, 50               24-FEB-12        237        100       8.45          0      21231                                                                                         
WR3/TT3    Steel matting, 4'x8'x1/6", .5" mesh 17-JAN-12         18          5     119.95         .1      25595                                                                                         

16 rows selected.

SQL> select * from vendor;

    V_CODE V_NAME                              V_CONTACT       V_A V_PHONE  V_ V                                                                                                                        
---------- ----------------------------------- --------------- --- -------- -- -                                                                                                                        
     21225 Bryson, Inc.                        Smithson        615 223-3234 TN Y                                                                                                                        
     21226 SuperLoo, Inc.                      Flushing        904 215-8995 FL N                                                                                                                        
     21231 DE Supply                           Singh           615 228-3245 TN Y                                                                                                                        
     21344 Gomez Bros.                         Ortega          615 889-2546 KY N                                                                                                                        
     22567 Dome Supply                         Smith           901 678-1419 GA N                                                                                                                        
     23119 Randsets Ltd.                       Anderson        901 678-3998 GA Y                                                                                                                        
     24004 Brackman Bros.                      Browning        615 228-1410 TN N                                                                                                                        
     24288 ORDVA, Inc.                         Hakford         615 898-1234 TN Y                                                                                                                        
     25443 BK, Inc.                            Smith           904 227-0093 FL N                                                                                                                        
     25501 Damal Supplies                      Smythe          615 890-3529 TN N                                                                                                                        
     25595 Rubicon Systems                     Orton           904 456-0092 FL Y                                                                                                                        

11 rows selected.

SQL> spool off
SQL> select sum(p_price), v_code
  2  from product
  3  where sum(p_price) > 500;
where sum(p_price) > 500
      *
ERROR at line 3:
ORA-00934: group function is not allowed here 


SQL> ed
Wrote file afiedt.buf

  1  select sum(p_price), v_code
  2  from product
  3* where p_price > 500
SQL> /
select sum(p_price), v_code
                     *
ERROR at line 1:
ORA-00937: not a single-group group function 


SQL> set linesize 200
SQL> ed
Wrote file afiedt.buf

  1  select sum(p_price), v_code
  2  from product
  3  group by v_code
  4* having p_price > 500
SQL> /
having p_price > 500
       *
ERROR at line 4:
ORA-00979: not a GROUP BY expression 


SQL> ed
Wrote file afiedt.buf

  1  select sum(p_price), v_code
  2  from product
  3  group by v_code
  4* where p_price > 500
SQL> /
where p_price > 500
*
ERROR at line 4:
ORA-00933: SQL command not properly ended 


SQL> ed
Wrote file afiedt.buf

  1  select sum(p_price), v_code
  2  from product
  3  group by v_code
  4* having sum(p_price) > 500
SQL> /

no rows selected

SQL> spool off
